{"log":
 [{"message":
   ".> LEAN_PATH=././.lake/packages/Cli/.lake/build/lib:././.lake/packages/batteries/.lake/build/lib:././.lake/packages/Qq/.lake/build/lib:././.lake/packages/aesop/.lake/build/lib:././.lake/packages/proofwidgets/.lake/build/lib:././.lake/packages/importGraph/.lake/build/lib:././.lake/packages/LeanSearchClient/.lake/build/lib:././.lake/packages/plausible/.lake/build/lib:././.lake/packages/SafeVerify/.lake/build/lib:././.lake/packages/mathlib/.lake/build/lib:././.lake/packages/VerifiedAgora/.lake/build/lib:././.lake/build/lib LD_LIBRARY_PATH= /home/shivansg/.elan/toolchains/leanprover--lean4---v4.17.0/bin/lean ././src/./Mathlib/ModelTheory/Algebra/Field/IsAlgClosed.lean -R ././src/. -o ././.lake/build/lib/Mathlib/ModelTheory/Algebra/Field/IsAlgClosed.olean -i ././.lake/build/lib/Mathlib/ModelTheory/Algebra/Field/IsAlgClosed.ilean -c ././.lake/build/ir/Mathlib/ModelTheory/Algebra/Field/IsAlgClosed.c --json",
   "level": "trace"},
  {"message":
   "././src/./Mathlib/ModelTheory/Algebra/Field/IsAlgClosed.lean:63:8: declaration uses 'sorry'",
   "level": "warning"},
  {"message":
   "././src/./Mathlib/ModelTheory/Algebra/Field/IsAlgClosed.lean:102:8: declaration uses 'sorry'",
   "level": "warning"},
  {"message":
   "././src/./Mathlib/ModelTheory/Algebra/Field/IsAlgClosed.lean:116:8: declaration uses 'sorry'",
   "level": "warning"},
  {"message":
   "././src/./Mathlib/ModelTheory/Algebra/Field/IsAlgClosed.lean:121:8: declaration uses 'sorry'",
   "level": "warning"},
  {"message":
   "././src/./Mathlib/ModelTheory/Algebra/Field/IsAlgClosed.lean:128:8: declaration uses 'sorry'",
   "level": "warning"},
  {"message":
   "././src/./Mathlib/ModelTheory/Algebra/Field/IsAlgClosed.lean:132:8: declaration uses 'sorry'",
   "level": "warning"},
  {"message":
   "././src/./Mathlib/ModelTheory/Algebra/Field/IsAlgClosed.lean:136:8: declaration uses 'sorry'",
   "level": "warning"},
  {"message":
   "././src/./Mathlib/ModelTheory/Algebra/Field/IsAlgClosed.lean:144:8: declaration uses 'sorry'",
   "level": "warning"}],
 "depHash": "12915216803318207633"}