{"log":
 [{"message":
   ".> LEAN_PATH=././.lake/packages/Cli/.lake/build/lib:././.lake/packages/batteries/.lake/build/lib:././.lake/packages/Qq/.lake/build/lib:././.lake/packages/aesop/.lake/build/lib:././.lake/packages/proofwidgets/.lake/build/lib:././.lake/packages/importGraph/.lake/build/lib:././.lake/packages/LeanSearchClient/.lake/build/lib:././.lake/packages/plausible/.lake/build/lib:././.lake/packages/SafeVerify/.lake/build/lib:././.lake/packages/mathlib/.lake/build/lib:././.lake/packages/VerifiedAgora/.lake/build/lib:././.lake/build/lib LD_LIBRARY_PATH= /home/shivansg/.elan/toolchains/leanprover--lean4---v4.17.0/bin/lean ././src/./Mathlib/ModelTheory/Algebra/Ring/Basic.lean -R ././src/. -o ././.lake/build/lib/Mathlib/ModelTheory/Algebra/Ring/Basic.olean -i ././.lake/build/lib/Mathlib/ModelTheory/Algebra/Ring/Basic.ilean -c ././.lake/build/ir/Mathlib/ModelTheory/Algebra/Ring/Basic.c --json",
   "level": "trace"},
  {"message":
   "././src/./Mathlib/ModelTheory/Algebra/Ring/Basic.lean:101:8: declaration uses 'sorry'",
   "level": "warning"},
  {"message":
   "././src/./Mathlib/ModelTheory/Algebra/Ring/Basic.lean:112:8: declaration uses 'sorry'",
   "level": "warning"},
  {"message":
   "././src/./Mathlib/ModelTheory/Algebra/Ring/Basic.lean:142:8: declaration uses 'sorry'",
   "level": "warning"},
  {"message":
   "././src/./Mathlib/ModelTheory/Algebra/Ring/Basic.lean:186:8: declaration uses 'sorry'",
   "level": "warning"},
  {"message":
   "././src/./Mathlib/ModelTheory/Algebra/Ring/Basic.lean:195:8: declaration uses 'sorry'",
   "level": "warning"},
  {"message":
   "././src/./Mathlib/ModelTheory/Algebra/Ring/Basic.lean:198:8: declaration uses 'sorry'",
   "level": "warning"}],
 "depHash": "9913964202659432842"}