{"log":
 [{"message":
   ".> LEAN_PATH=././.lake/packages/Cli/.lake/build/lib:././.lake/packages/batteries/.lake/build/lib:././.lake/packages/Qq/.lake/build/lib:././.lake/packages/aesop/.lake/build/lib:././.lake/packages/proofwidgets/.lake/build/lib:././.lake/packages/importGraph/.lake/build/lib:././.lake/packages/LeanSearchClient/.lake/build/lib:././.lake/packages/plausible/.lake/build/lib:././.lake/packages/SafeVerify/.lake/build/lib:././.lake/packages/mathlib/.lake/build/lib:././.lake/packages/VerifiedAgora/.lake/build/lib:././.lake/build/lib LD_LIBRARY_PATH= /home/shivansg/.elan/toolchains/leanprover--lean4---v4.17.0/bin/lean ././src/./Mathlib/ModelTheory/Equivalence.lean -R ././src/. -o ././.lake/build/lib/Mathlib/ModelTheory/Equivalence.olean -i ././.lake/build/lib/Mathlib/ModelTheory/Equivalence.ilean -c ././.lake/build/ir/Mathlib/ModelTheory/Equivalence.c --json",
   "level": "trace"},
  {"message":
   "././src/./Mathlib/ModelTheory/Equivalence.lean:62:6: declaration uses 'sorry'",
   "level": "warning"},
  {"message":
   "././src/./Mathlib/ModelTheory/Equivalence.lean:65:6: declaration uses 'sorry'",
   "level": "warning"},
  {"message":
   "././src/./Mathlib/ModelTheory/Equivalence.lean:68:6: declaration uses 'sorry'",
   "level": "warning"},
  {"message":
   "././src/./Mathlib/ModelTheory/Equivalence.lean:71:6: declaration uses 'sorry'",
   "level": "warning"},
  {"message":
   "././src/./Mathlib/ModelTheory/Equivalence.lean:74:6: declaration uses 'sorry'",
   "level": "warning"},
  {"message":
   "././src/./Mathlib/ModelTheory/Equivalence.lean:78:6: declaration uses 'sorry'",
   "level": "warning"},
  {"message":
   "././src/./Mathlib/ModelTheory/Equivalence.lean:82:6: declaration uses 'sorry'",
   "level": "warning"},
  {"message":
   "././src/./Mathlib/ModelTheory/Equivalence.lean:89:6: declaration uses 'sorry'",
   "level": "warning"},
  {"message":
   "././src/./Mathlib/ModelTheory/Equivalence.lean:93:6: declaration uses 'sorry'",
   "level": "warning"},
  {"message":
   "././src/./Mathlib/ModelTheory/Equivalence.lean:109:8: declaration uses 'sorry'",
   "level": "warning"},
  {"message":
   "././src/./Mathlib/ModelTheory/Equivalence.lean:113:8: declaration uses 'sorry'",
   "level": "warning"},
  {"message":
   "././src/./Mathlib/ModelTheory/Equivalence.lean:153:8: declaration uses 'sorry'",
   "level": "warning"},
  {"message":
   "././src/./Mathlib/ModelTheory/Equivalence.lean:157:8: declaration uses 'sorry'",
   "level": "warning"},
  {"message":
   "././src/./Mathlib/ModelTheory/Equivalence.lean:162:8: declaration uses 'sorry'",
   "level": "warning"},
  {"message":
   "././src/./Mathlib/ModelTheory/Equivalence.lean:204:8: declaration uses 'sorry'",
   "level": "warning"},
  {"message":
   "././src/./Mathlib/ModelTheory/Equivalence.lean:207:8: declaration uses 'sorry'",
   "level": "warning"},
  {"message":
   "././src/./Mathlib/ModelTheory/Equivalence.lean:213:8: declaration uses 'sorry'",
   "level": "warning"},
  {"message":
   "././src/./Mathlib/ModelTheory/Equivalence.lean:216:8: declaration uses 'sorry'",
   "level": "warning"},
  {"message":
   "././src/./Mathlib/ModelTheory/Equivalence.lean:223:8: declaration uses 'sorry'",
   "level": "warning"},
  {"message":
   "././src/./Mathlib/ModelTheory/Equivalence.lean:230:6: declaration uses 'sorry'",
   "level": "warning"},
  {"message":
   "././src/./Mathlib/ModelTheory/Equivalence.lean:243:8: declaration uses 'sorry'",
   "level": "warning"},
  {"message":
   "././src/./Mathlib/ModelTheory/Equivalence.lean:246:8: declaration uses 'sorry'",
   "level": "warning"},
  {"message":
   "././src/./Mathlib/ModelTheory/Equivalence.lean:249:8: declaration uses 'sorry'",
   "level": "warning"}],
 "depHash": "8836211817877235275"}