{"log":
 [{"message":
   ".> LEAN_PATH=././.lake/packages/Cli/.lake/build/lib:././.lake/packages/batteries/.lake/build/lib:././.lake/packages/Qq/.lake/build/lib:././.lake/packages/aesop/.lake/build/lib:././.lake/packages/proofwidgets/.lake/build/lib:././.lake/packages/importGraph/.lake/build/lib:././.lake/packages/LeanSearchClient/.lake/build/lib:././.lake/packages/plausible/.lake/build/lib:././.lake/packages/SafeVerify/.lake/build/lib:././.lake/packages/mathlib/.lake/build/lib:././.lake/packages/VerifiedAgora/.lake/build/lib:././.lake/build/lib LD_LIBRARY_PATH= /home/shivansg/.elan/toolchains/leanprover--lean4---v4.17.0/bin/lean ././src/./Mathlib/ModelTheory/FinitelyGenerated.lean -R ././src/. -o ././.lake/build/lib/Mathlib/ModelTheory/FinitelyGenerated.olean -i ././.lake/build/lib/Mathlib/ModelTheory/FinitelyGenerated.ilean -c ././.lake/build/ir/Mathlib/ModelTheory/FinitelyGenerated.c --json",
   "level": "trace"},
  {"message":
   "././src/./Mathlib/ModelTheory/FinitelyGenerated.lean:48:8: declaration uses 'sorry'",
   "level": "warning"},
  {"message":
   "././src/./Mathlib/ModelTheory/FinitelyGenerated.lean:51:8: declaration uses 'sorry'",
   "level": "warning"},
  {"message":
   "././src/./Mathlib/ModelTheory/FinitelyGenerated.lean:63:8: declaration uses 'sorry'",
   "level": "warning"},
  {"message":
   "././src/./Mathlib/ModelTheory/FinitelyGenerated.lean:66:8: declaration uses 'sorry'",
   "level": "warning"},
  {"message":
   "././src/./Mathlib/ModelTheory/FinitelyGenerated.lean:87:8: declaration uses 'sorry'",
   "level": "warning"},
  {"message":
   "././src/./Mathlib/ModelTheory/FinitelyGenerated.lean:96:8: declaration uses 'sorry'",
   "level": "warning"},
  {"message":
   "././src/./Mathlib/ModelTheory/FinitelyGenerated.lean:107:8: declaration uses 'sorry'",
   "level": "warning"},
  {"message":
   "././src/./Mathlib/ModelTheory/FinitelyGenerated.lean:136:8: declaration uses 'sorry'",
   "level": "warning"},
  {"message":
   "././src/./Mathlib/ModelTheory/FinitelyGenerated.lean:139:8: declaration uses 'sorry'",
   "level": "warning"},
  {"message":
   "././src/./Mathlib/ModelTheory/FinitelyGenerated.lean:142:8: declaration uses 'sorry'",
   "level": "warning"},
  {"message":
   "././src/./Mathlib/ModelTheory/FinitelyGenerated.lean:150:8: declaration uses 'sorry'",
   "level": "warning"},
  {"message":
   "././src/./Mathlib/ModelTheory/FinitelyGenerated.lean:160:8: declaration uses 'sorry'",
   "level": "warning"},
  {"message":
   "././src/./Mathlib/ModelTheory/FinitelyGenerated.lean:181:8: declaration uses 'sorry'",
   "level": "warning"},
  {"message":
   "././src/./Mathlib/ModelTheory/FinitelyGenerated.lean:185:8: declaration uses 'sorry'",
   "level": "warning"},
  {"message":
   "././src/./Mathlib/ModelTheory/FinitelyGenerated.lean:188:8: declaration uses 'sorry'",
   "level": "warning"},
  {"message":
   "././src/./Mathlib/ModelTheory/FinitelyGenerated.lean:191:8: declaration uses 'sorry'",
   "level": "warning"},
  {"message":
   "././src/./Mathlib/ModelTheory/FinitelyGenerated.lean:195:8: declaration uses 'sorry'",
   "level": "warning"},
  {"message":
   "././src/./Mathlib/ModelTheory/FinitelyGenerated.lean:203:8: declaration uses 'sorry'",
   "level": "warning"},
  {"message":
   "././src/./Mathlib/ModelTheory/FinitelyGenerated.lean:211:8: declaration uses 'sorry'",
   "level": "warning"},
  {"message":
   "././src/./Mathlib/ModelTheory/FinitelyGenerated.lean:228:8: declaration uses 'sorry'",
   "level": "warning"},
  {"message":
   "././src/./Mathlib/ModelTheory/FinitelyGenerated.lean:231:8: declaration uses 'sorry'",
   "level": "warning"},
  {"message":
   "././src/./Mathlib/ModelTheory/FinitelyGenerated.lean:235:8: declaration uses 'sorry'",
   "level": "warning"},
  {"message":
   "././src/./Mathlib/ModelTheory/FinitelyGenerated.lean:238:8: declaration uses 'sorry'",
   "level": "warning"},
  {"message":
   "././src/./Mathlib/ModelTheory/FinitelyGenerated.lean:241:8: declaration uses 'sorry'",
   "level": "warning"},
  {"message":
   "././src/./Mathlib/ModelTheory/FinitelyGenerated.lean:254:8: declaration uses 'sorry'",
   "level": "warning"},
  {"message":
   "././src/./Mathlib/ModelTheory/FinitelyGenerated.lean:257:8: declaration uses 'sorry'",
   "level": "warning"},
  {"message":
   "././src/./Mathlib/ModelTheory/FinitelyGenerated.lean:261:8: declaration uses 'sorry'",
   "level": "warning"}],
 "depHash": "4292604967328499424"}