{"log":
 [{"message":
   ".> LEAN_PATH=././.lake/packages/Cli/.lake/build/lib:././.lake/packages/batteries/.lake/build/lib:././.lake/packages/Qq/.lake/build/lib:././.lake/packages/aesop/.lake/build/lib:././.lake/packages/proofwidgets/.lake/build/lib:././.lake/packages/importGraph/.lake/build/lib:././.lake/packages/LeanSearchClient/.lake/build/lib:././.lake/packages/plausible/.lake/build/lib:././.lake/packages/SafeVerify/.lake/build/lib:././.lake/packages/mathlib/.lake/build/lib:././.lake/packages/VerifiedAgora/.lake/build/lib:././.lake/build/lib LD_LIBRARY_PATH= /home/shivansg/.elan/toolchains/leanprover--lean4---v4.17.0/bin/lean ././src/./Mathlib/ModelTheory/Satisfiability.lean -R ././src/. -o ././.lake/build/lib/Mathlib/ModelTheory/Satisfiability.olean -i ././.lake/build/lib/Mathlib/ModelTheory/Satisfiability.ilean -c ././.lake/build/ir/Mathlib/ModelTheory/Satisfiability.c --json",
   "level": "trace"},
  {"message":
   "././src/./Mathlib/ModelTheory/Satisfiability.lean:74:8: declaration uses 'sorry'",
   "level": "warning"},
  {"message":
   "././src/./Mathlib/ModelTheory/Satisfiability.lean:78:8: declaration uses 'sorry'",
   "level": "warning"},
  {"message":
   "././src/./Mathlib/ModelTheory/Satisfiability.lean:84:8: declaration uses 'sorry'",
   "level": "warning"},
  {"message":
   "././src/./Mathlib/ModelTheory/Satisfiability.lean:88:8: declaration uses 'sorry'",
   "level": "warning"},
  {"message":
   "././src/./Mathlib/ModelTheory/Satisfiability.lean:97:8: declaration uses 'sorry'",
   "level": "warning"},
  {"message":
   "././src/./Mathlib/ModelTheory/Satisfiability.lean:111:8: declaration uses 'sorry'",
   "level": "warning"},
  {"message":
   "././src/./Mathlib/ModelTheory/Satisfiability.lean:117:8: declaration uses 'sorry'",
   "level": "warning"},
  {"message":
   "././src/./Mathlib/ModelTheory/Satisfiability.lean:123:8: declaration uses 'sorry'",
   "level": "warning"},
  {"message":
   "././src/./Mathlib/ModelTheory/Satisfiability.lean:128:8: declaration uses 'sorry'",
   "level": "warning"},
  {"message":
   "././src/./Mathlib/ModelTheory/Satisfiability.lean:140:8: declaration uses 'sorry'",
   "level": "warning"},
  {"message":
   "././src/./Mathlib/ModelTheory/Satisfiability.lean:150:8: declaration uses 'sorry'",
   "level": "warning"},
  {"message":
   "././src/./Mathlib/ModelTheory/Satisfiability.lean:176:8: declaration uses 'sorry'",
   "level": "warning"},
  {"message":
   "././src/./Mathlib/ModelTheory/Satisfiability.lean:185:8: declaration uses 'sorry'",
   "level": "warning"},
  {"message":
   "././src/./Mathlib/ModelTheory/Satisfiability.lean:202:8: declaration uses 'sorry'",
   "level": "warning"},
  {"message":
   "././src/./Mathlib/ModelTheory/Satisfiability.lean:206:8: declaration uses 'sorry'",
   "level": "warning"},
  {"message":
   "././src/./Mathlib/ModelTheory/Satisfiability.lean:209:8: declaration uses 'sorry'",
   "level": "warning"},
  {"message":
   "././src/./Mathlib/ModelTheory/Satisfiability.lean:231:8: declaration uses 'sorry'",
   "level": "warning"},
  {"message":
   "././src/./Mathlib/ModelTheory/Satisfiability.lean:235:8: declaration uses 'sorry'",
   "level": "warning"},
  {"message":
   "././src/./Mathlib/ModelTheory/Satisfiability.lean:239:8: declaration uses 'sorry'",
   "level": "warning"},
  {"message":
   "././src/./Mathlib/ModelTheory/Satisfiability.lean:243:8: declaration uses 'sorry'",
   "level": "warning"},
  {"message":
   "././src/./Mathlib/ModelTheory/Satisfiability.lean:246:8: declaration uses 'sorry'",
   "level": "warning"},
  {"message":
   "././src/./Mathlib/ModelTheory/Satisfiability.lean:251:8: declaration uses 'sorry'",
   "level": "warning"},
  {"message":
   "././src/./Mathlib/ModelTheory/Satisfiability.lean:258:8: declaration uses 'sorry'",
   "level": "warning"},
  {"message":
   "././src/./Mathlib/ModelTheory/Satisfiability.lean:282:8: declaration uses 'sorry'",
   "level": "warning"},
  {"message":
   "././src/./Mathlib/ModelTheory/Satisfiability.lean:293:8: declaration uses 'sorry'",
   "level": "warning"},
  {"message":
   "././src/./Mathlib/ModelTheory/Satisfiability.lean:296:8: declaration uses 'sorry'",
   "level": "warning"},
  {"message":
   "././src/./Mathlib/ModelTheory/Satisfiability.lean:304:8: declaration uses 'sorry'",
   "level": "warning"},
  {"message":
   "././src/./Mathlib/ModelTheory/Satisfiability.lean:314:8: declaration uses 'sorry'",
   "level": "warning"},
  {"message":
   "././src/./Mathlib/ModelTheory/Satisfiability.lean:317:8: declaration uses 'sorry'",
   "level": "warning"},
  {"message":
   "././src/./Mathlib/ModelTheory/Satisfiability.lean:320:8: declaration uses 'sorry'",
   "level": "warning"},
  {"message":
   "././src/./Mathlib/ModelTheory/Satisfiability.lean:323:8: declaration uses 'sorry'",
   "level": "warning"},
  {"message":
   "././src/./Mathlib/ModelTheory/Satisfiability.lean:343:8: declaration uses 'sorry'",
   "level": "warning"},
  {"message":
   "././src/./Mathlib/ModelTheory/Satisfiability.lean:348:8: declaration uses 'sorry'",
   "level": "warning"},
  {"message":
   "././src/./Mathlib/ModelTheory/Satisfiability.lean:351:8: declaration uses 'sorry'",
   "level": "warning"}],
 "depHash": "2288350792749570779"}