{"log":
 [{"message":
   ".> LEAN_PATH=././.lake/packages/Cli/.lake/build/lib:././.lake/packages/batteries/.lake/build/lib:././.lake/packages/Qq/.lake/build/lib:././.lake/packages/aesop/.lake/build/lib:././.lake/packages/proofwidgets/.lake/build/lib:././.lake/packages/importGraph/.lake/build/lib:././.lake/packages/LeanSearchClient/.lake/build/lib:././.lake/packages/plausible/.lake/build/lib:././.lake/packages/SafeVerify/.lake/build/lib:././.lake/packages/mathlib/.lake/build/lib:././.lake/packages/VerifiedAgora/.lake/build/lib:././.lake/build/lib LD_LIBRARY_PATH= /home/shivansg/.elan/toolchains/leanprover--lean4---v4.17.0/bin/lean ././src/./Mathlib/ModelTheory/Substructures.lean -R ././src/. -o ././.lake/build/lib/Mathlib/ModelTheory/Substructures.olean -i ././.lake/build/lib/Mathlib/ModelTheory/Substructures.ilean -c ././.lake/build/ir/Mathlib/ModelTheory/Substructures.c --json",
   "level": "trace"},
  {"message":
   "././src/./Mathlib/ModelTheory/Substructures.lean:69:8: declaration uses 'sorry'",
   "level": "warning"},
  {"message":
   "././src/./Mathlib/ModelTheory/Substructures.lean:76:8: declaration uses 'sorry'",
   "level": "warning"},
  {"message":
   "././src/./Mathlib/ModelTheory/Substructures.lean:79:8: declaration uses 'sorry'",
   "level": "warning"},
  {"message":
   "././src/./Mathlib/ModelTheory/Substructures.lean:113:8: declaration uses 'sorry'",
   "level": "warning"},
  {"message":
   "././src/./Mathlib/ModelTheory/Substructures.lean:117:8: declaration uses 'sorry'",
   "level": "warning"},
  {"message":
   "././src/./Mathlib/ModelTheory/Substructures.lean:129:8: declaration uses 'sorry'",
   "level": "warning"},
  {"message":
   "././src/./Mathlib/ModelTheory/Substructures.lean:135:8: declaration uses 'sorry'",
   "level": "warning"},
  {"message":
   "././src/./Mathlib/ModelTheory/Substructures.lean:138:8: declaration uses 'sorry'",
   "level": "warning"},
  {"message":
   "././src/./Mathlib/ModelTheory/Substructures.lean:141:8: declaration uses 'sorry'",
   "level": "warning"},
  {"message":
   "././src/./Mathlib/ModelTheory/Substructures.lean:152:8: declaration uses 'sorry'",
   "level": "warning"},
  {"message":
   "././src/./Mathlib/ModelTheory/Substructures.lean:165:8: declaration uses 'sorry'",
   "level": "warning"},
  {"message":
   "././src/./Mathlib/ModelTheory/Substructures.lean:169:8: declaration uses 'sorry'",
   "level": "warning"},
  {"message":
   "././src/./Mathlib/ModelTheory/Substructures.lean:183:8: declaration uses 'sorry'",
   "level": "warning"},
  {"message":
   "././src/./Mathlib/ModelTheory/Substructures.lean:187:8: declaration uses 'sorry'",
   "level": "warning"},
  {"message":
   "././src/./Mathlib/ModelTheory/Substructures.lean:190:8: declaration uses 'sorry'",
   "level": "warning"},
  {"message":
   "././src/./Mathlib/ModelTheory/Substructures.lean:194:8: declaration uses 'sorry'",
   "level": "warning"},
  {"message":
   "././src/./Mathlib/ModelTheory/Substructures.lean:223:8: declaration uses 'sorry'",
   "level": "warning"},
  {"message":
   "././src/./Mathlib/ModelTheory/Substructures.lean:227:8: declaration uses 'sorry'",
   "level": "warning"},
  {"message":
   "././src/./Mathlib/ModelTheory/Substructures.lean:230:8: declaration uses 'sorry'",
   "level": "warning"},
  {"message":
   "././src/./Mathlib/ModelTheory/Substructures.lean:233:8: declaration uses 'sorry'",
   "level": "warning"},
  {"message":
   "././src/./Mathlib/ModelTheory/Substructures.lean:245:8: declaration uses 'sorry'",
   "level": "warning"},
  {"message":
   "././src/./Mathlib/ModelTheory/Substructures.lean:248:8: declaration uses 'sorry'",
   "level": "warning"},
  {"message":
   "././src/./Mathlib/ModelTheory/Substructures.lean:251:8: declaration uses 'sorry'",
   "level": "warning"},
  {"message":
   "././src/./Mathlib/ModelTheory/Substructures.lean:259:8: declaration uses 'sorry'",
   "level": "warning"},
  {"message":
   "././src/./Mathlib/ModelTheory/Substructures.lean:263:8: declaration uses 'sorry'",
   "level": "warning"},
  {"message":
   "././src/./Mathlib/ModelTheory/Substructures.lean:266:8: declaration uses 'sorry'",
   "level": "warning"},
  {"message":
   "././src/./Mathlib/ModelTheory/Substructures.lean:281:6: declaration uses 'sorry'",
   "level": "warning"},
  {"message":
   "././src/./Mathlib/ModelTheory/Substructures.lean:284:6: declaration uses 'sorry'",
   "level": "warning"},
  {"message":
   "././src/./Mathlib/ModelTheory/Substructures.lean:292:8: declaration uses 'sorry'",
   "level": "warning"},
  {"message":
   "././src/./Mathlib/ModelTheory/Substructures.lean:300:8: declaration uses 'sorry'",
   "level": "warning"},
  {"message":
   "././src/./Mathlib/ModelTheory/Substructures.lean:325:8: declaration uses 'sorry'",
   "level": "warning"},
  {"message":
   "././src/./Mathlib/ModelTheory/Substructures.lean:328:8: declaration uses 'sorry'",
   "level": "warning"},
  {"message":
   "././src/./Mathlib/ModelTheory/Substructures.lean:331:8: declaration uses 'sorry'",
   "level": "warning"},
  {"message":
   "././src/./Mathlib/ModelTheory/Substructures.lean:337:8: declaration uses 'sorry'",
   "level": "warning"},
  {"message":
   "././src/./Mathlib/ModelTheory/Substructures.lean:340:8: declaration uses 'sorry'",
   "level": "warning"},
  {"message":
   "././src/./Mathlib/ModelTheory/Substructures.lean:348:8: declaration uses 'sorry'",
   "level": "warning"},
  {"message":
   "././src/./Mathlib/ModelTheory/Substructures.lean:352:8: declaration uses 'sorry'",
   "level": "warning"},
  {"message":
   "././src/./Mathlib/ModelTheory/Substructures.lean:357:8: declaration uses 'sorry'",
   "level": "warning"},
  {"message":
   "././src/./Mathlib/ModelTheory/Substructures.lean:391:8: declaration uses 'sorry'",
   "level": "warning"},
  {"message":
   "././src/./Mathlib/ModelTheory/Substructures.lean:394:8: declaration uses 'sorry'",
   "level": "warning"},
  {"message":
   "././src/./Mathlib/ModelTheory/Substructures.lean:398:8: declaration uses 'sorry'",
   "level": "warning"},
  {"message":
   "././src/./Mathlib/ModelTheory/Substructures.lean:412:8: declaration uses 'sorry'",
   "level": "warning"},
  {"message":
   "././src/./Mathlib/ModelTheory/Substructures.lean:416:8: declaration uses 'sorry'",
   "level": "warning"},
  {"message":
   "././src/./Mathlib/ModelTheory/Substructures.lean:419:8: declaration uses 'sorry'",
   "level": "warning"},
  {"message":
   "././src/./Mathlib/ModelTheory/Substructures.lean:422:8: declaration uses 'sorry'",
   "level": "warning"},
  {"message":
   "././src/./Mathlib/ModelTheory/Substructures.lean:425:8: declaration uses 'sorry'",
   "level": "warning"},
  {"message":
   "././src/./Mathlib/ModelTheory/Substructures.lean:429:8: declaration uses 'sorry'",
   "level": "warning"},
  {"message":
   "././src/./Mathlib/ModelTheory/Substructures.lean:432:8: declaration uses 'sorry'",
   "level": "warning"},
  {"message":
   "././src/./Mathlib/ModelTheory/Substructures.lean:435:8: declaration uses 'sorry'",
   "level": "warning"},
  {"message":
   "././src/./Mathlib/ModelTheory/Substructures.lean:441:8: declaration uses 'sorry'",
   "level": "warning"},
  {"message":
   "././src/./Mathlib/ModelTheory/Substructures.lean:447:8: declaration uses 'sorry'",
   "level": "warning"},
  {"message":
   "././src/./Mathlib/ModelTheory/Substructures.lean:450:8: declaration uses 'sorry'",
   "level": "warning"},
  {"message":
   "././src/./Mathlib/ModelTheory/Substructures.lean:453:8: declaration uses 'sorry'",
   "level": "warning"},
  {"message":
   "././src/./Mathlib/ModelTheory/Substructures.lean:457:8: declaration uses 'sorry'",
   "level": "warning"},
  {"message":
   "././src/./Mathlib/ModelTheory/Substructures.lean:460:8: declaration uses 'sorry'",
   "level": "warning"},
  {"message":
   "././src/./Mathlib/ModelTheory/Substructures.lean:468:8: declaration uses 'sorry'",
   "level": "warning"},
  {"message":
   "././src/./Mathlib/ModelTheory/Substructures.lean:472:8: declaration uses 'sorry'",
   "level": "warning"},
  {"message":
   "././src/./Mathlib/ModelTheory/Substructures.lean:475:8: declaration uses 'sorry'",
   "level": "warning"},
  {"message":
   "././src/./Mathlib/ModelTheory/Substructures.lean:478:8: declaration uses 'sorry'",
   "level": "warning"},
  {"message":
   "././src/./Mathlib/ModelTheory/Substructures.lean:481:8: declaration uses 'sorry'",
   "level": "warning"},
  {"message":
   "././src/./Mathlib/ModelTheory/Substructures.lean:484:8: declaration uses 'sorry'",
   "level": "warning"},
  {"message":
   "././src/./Mathlib/ModelTheory/Substructures.lean:498:8: declaration uses 'sorry'",
   "level": "warning"},
  {"message":
   "././src/./Mathlib/ModelTheory/Substructures.lean:501:8: declaration uses 'sorry'",
   "level": "warning"},
  {"message":
   "././src/./Mathlib/ModelTheory/Substructures.lean:504:8: declaration uses 'sorry'",
   "level": "warning"},
  {"message":
   "././src/./Mathlib/ModelTheory/Substructures.lean:507:8: declaration uses 'sorry'",
   "level": "warning"},
  {"message":
   "././src/./Mathlib/ModelTheory/Substructures.lean:510:8: declaration uses 'sorry'",
   "level": "warning"},
  {"message":
   "././src/./Mathlib/ModelTheory/Substructures.lean:514:8: declaration uses 'sorry'",
   "level": "warning"},
  {"message":
   "././src/./Mathlib/ModelTheory/Substructures.lean:517:8: declaration uses 'sorry'",
   "level": "warning"},
  {"message":
   "././src/./Mathlib/ModelTheory/Substructures.lean:521:8: declaration uses 'sorry'",
   "level": "warning"},
  {"message":
   "././src/./Mathlib/ModelTheory/Substructures.lean:524:8: declaration uses 'sorry'",
   "level": "warning"},
  {"message":
   "././src/./Mathlib/ModelTheory/Substructures.lean:543:8: declaration uses 'sorry'",
   "level": "warning"},
  {"message":
   "././src/./Mathlib/ModelTheory/Substructures.lean:546:8: declaration uses 'sorry'",
   "level": "warning"},
  {"message":
   "././src/./Mathlib/ModelTheory/Substructures.lean:549:8: declaration uses 'sorry'",
   "level": "warning"},
  {"message":
   "././src/./Mathlib/ModelTheory/Substructures.lean:553:8: declaration uses 'sorry'",
   "level": "warning"},
  {"message":
   "././src/./Mathlib/ModelTheory/Substructures.lean:557:8: declaration uses 'sorry'",
   "level": "warning"},
  {"message":
   "././src/./Mathlib/ModelTheory/Substructures.lean:561:8: declaration uses 'sorry'",
   "level": "warning"},
  {"message":
   "././src/./Mathlib/ModelTheory/Substructures.lean:565:8: declaration uses 'sorry'",
   "level": "warning"},
  {"message":
   "././src/./Mathlib/ModelTheory/Substructures.lean:568:8: declaration uses 'sorry'",
   "level": "warning"},
  {"message":
   "././src/./Mathlib/ModelTheory/Substructures.lean:586:8: declaration uses 'sorry'",
   "level": "warning"},
  {"message":
   "././src/./Mathlib/ModelTheory/Substructures.lean:589:8: declaration uses 'sorry'",
   "level": "warning"},
  {"message":
   "././src/./Mathlib/ModelTheory/Substructures.lean:602:8: declaration uses 'sorry'",
   "level": "warning"},
  {"message":
   "././src/./Mathlib/ModelTheory/Substructures.lean:613:8: declaration uses 'sorry'",
   "level": "warning"},
  {"message":
   "././src/./Mathlib/ModelTheory/Substructures.lean:618:8: declaration uses 'sorry'",
   "level": "warning"},
  {"message":
   "././src/./Mathlib/ModelTheory/Substructures.lean:653:8: declaration uses 'sorry'",
   "level": "warning"},
  {"message":
   "././src/./Mathlib/ModelTheory/Substructures.lean:672:8: declaration uses 'sorry'",
   "level": "warning"},
  {"message":
   "././src/./Mathlib/ModelTheory/Substructures.lean:675:8: declaration uses 'sorry'",
   "level": "warning"},
  {"message":
   "././src/./Mathlib/ModelTheory/Substructures.lean:678:8: declaration uses 'sorry'",
   "level": "warning"},
  {"message":
   "././src/./Mathlib/ModelTheory/Substructures.lean:682:8: declaration uses 'sorry'",
   "level": "warning"},
  {"message":
   "././src/./Mathlib/ModelTheory/Substructures.lean:685:8: declaration uses 'sorry'",
   "level": "warning"},
  {"message":
   "././src/./Mathlib/ModelTheory/Substructures.lean:707:8: declaration uses 'sorry'",
   "level": "warning"},
  {"message":
   "././src/./Mathlib/ModelTheory/Substructures.lean:711:8: declaration uses 'sorry'",
   "level": "warning"},
  {"message":
   "././src/./Mathlib/ModelTheory/Substructures.lean:720:8: declaration uses 'sorry'",
   "level": "warning"},
  {"message":
   "././src/./Mathlib/ModelTheory/Substructures.lean:723:8: declaration uses 'sorry'",
   "level": "warning"},
  {"message":
   "././src/./Mathlib/ModelTheory/Substructures.lean:726:8: declaration uses 'sorry'",
   "level": "warning"},
  {"message":
   "././src/./Mathlib/ModelTheory/Substructures.lean:729:8: declaration uses 'sorry'",
   "level": "warning"},
  {"message":
   "././src/./Mathlib/ModelTheory/Substructures.lean:736:8: declaration uses 'sorry'",
   "level": "warning"},
  {"message":
   "././src/./Mathlib/ModelTheory/Substructures.lean:739:8: declaration uses 'sorry'",
   "level": "warning"},
  {"message":
   "././src/./Mathlib/ModelTheory/Substructures.lean:742:8: declaration uses 'sorry'",
   "level": "warning"},
  {"message":
   "././src/./Mathlib/ModelTheory/Substructures.lean:745:8: declaration uses 'sorry'",
   "level": "warning"},
  {"message":
   "././src/./Mathlib/ModelTheory/Substructures.lean:748:8: declaration uses 'sorry'",
   "level": "warning"},
  {"message":
   "././src/./Mathlib/ModelTheory/Substructures.lean:762:8: declaration uses 'sorry'",
   "level": "warning"},
  {"message":
   "././src/./Mathlib/ModelTheory/Substructures.lean:766:8: declaration uses 'sorry'",
   "level": "warning"},
  {"message":
   "././src/./Mathlib/ModelTheory/Substructures.lean:771:8: declaration uses 'sorry'",
   "level": "warning"},
  {"message":
   "././src/./Mathlib/ModelTheory/Substructures.lean:783:8: declaration uses 'sorry'",
   "level": "warning"},
  {"message":
   "././src/./Mathlib/ModelTheory/Substructures.lean:799:8: declaration uses 'sorry'",
   "level": "warning"},
  {"message":
   "././src/./Mathlib/ModelTheory/Substructures.lean:803:8: declaration uses 'sorry'",
   "level": "warning"},
  {"message":
   "././src/./Mathlib/ModelTheory/Substructures.lean:807:8: declaration uses 'sorry'",
   "level": "warning"},
  {"message":
   "././src/./Mathlib/ModelTheory/Substructures.lean:811:8: declaration uses 'sorry'",
   "level": "warning"},
  {"message":
   "././src/./Mathlib/ModelTheory/Substructures.lean:836:8: declaration uses 'sorry'",
   "level": "warning"},
  {"message":
   "././src/./Mathlib/ModelTheory/Substructures.lean:850:8: declaration uses 'sorry'",
   "level": "warning"},
  {"message":
   "././src/./Mathlib/ModelTheory/Substructures.lean:853:8: declaration uses 'sorry'",
   "level": "warning"},
  {"message":
   "././src/./Mathlib/ModelTheory/Substructures.lean:860:8: declaration uses 'sorry'",
   "level": "warning"},
  {"message":
   "././src/./Mathlib/ModelTheory/Substructures.lean:871:8: declaration uses 'sorry'",
   "level": "warning"},
  {"message":
   "././src/./Mathlib/ModelTheory/Substructures.lean:874:8: declaration uses 'sorry'",
   "level": "warning"},
  {"message":
   "././src/./Mathlib/ModelTheory/Substructures.lean:878:8: declaration uses 'sorry'",
   "level": "warning"},
  {"message":
   "././src/./Mathlib/ModelTheory/Substructures.lean:881:6: declaration uses 'sorry'",
   "level": "warning"}],
 "depHash": "9923016853282303395"}