{"log":
 [{"message":
   ".> LEAN_PATH=././.lake/packages/Cli/.lake/build/lib:././.lake/packages/batteries/.lake/build/lib:././.lake/packages/Qq/.lake/build/lib:././.lake/packages/aesop/.lake/build/lib:././.lake/packages/proofwidgets/.lake/build/lib:././.lake/packages/importGraph/.lake/build/lib:././.lake/packages/LeanSearchClient/.lake/build/lib:././.lake/packages/plausible/.lake/build/lib:././.lake/packages/SafeVerify/.lake/build/lib:././.lake/packages/mathlib/.lake/build/lib:././.lake/packages/VerifiedAgora/.lake/build/lib:././.lake/build/lib LD_LIBRARY_PATH= /home/shivansg/.elan/toolchains/leanprover--lean4---v4.17.0/bin/lean ././src/./Mathlib/ModelTheory/Syntax.lean -R ././src/. -o ././.lake/build/lib/Mathlib/ModelTheory/Syntax.olean -i ././.lake/build/lib/Mathlib/ModelTheory/Syntax.ilean -c ././.lake/build/ir/Mathlib/ModelTheory/Syntax.c --json",
   "level": "trace"},
  {"message":
   "././src/./Mathlib/ModelTheory/Syntax.lean:116:8: declaration uses 'sorry'",
   "level": "warning"},
  {"message":
   "././src/./Mathlib/ModelTheory/Syntax.lean:119:8: declaration uses 'sorry'",
   "level": "warning"},
  {"message":
   "././src/./Mathlib/ModelTheory/Syntax.lean:122:8: declaration uses 'sorry'",
   "level": "warning"},
  {"message":
   "././src/./Mathlib/ModelTheory/Syntax.lean:126:8: declaration uses 'sorry'",
   "level": "warning"},
  {"message":
   "././src/./Mathlib/ModelTheory/Syntax.lean:207:8: declaration uses 'sorry'",
   "level": "warning"},
  {"message":
   "././src/./Mathlib/ModelTheory/Syntax.lean:211:8: declaration uses 'sorry'",
   "level": "warning"},
  {"message":
   "././src/./Mathlib/ModelTheory/Syntax.lean:244:8: declaration uses 'sorry'",
   "level": "warning"},
  {"message":
   "././src/./Mathlib/ModelTheory/Syntax.lean:247:8: declaration uses 'sorry'",
   "level": "warning"},
  {"message":
   "././src/./Mathlib/ModelTheory/Syntax.lean:375:8: declaration uses 'sorry'",
   "level": "warning"},
  {"message":
   "././src/./Mathlib/ModelTheory/Syntax.lean:378:8: declaration uses 'sorry'",
   "level": "warning"},
  {"message":
   "././src/./Mathlib/ModelTheory/Syntax.lean:382:8: declaration uses 'sorry'",
   "level": "warning"},
  {"message":
   "././src/./Mathlib/ModelTheory/Syntax.lean:430:8: declaration uses 'sorry'",
   "level": "warning"},
  {"message":
   "././src/./Mathlib/ModelTheory/Syntax.lean:439:8: declaration uses 'sorry'",
   "level": "warning"},
  {"message":
   "././src/./Mathlib/ModelTheory/Syntax.lean:455:8: declaration uses 'sorry'",
   "level": "warning"},
  {"message":
   "././src/./Mathlib/ModelTheory/Syntax.lean:462:8: declaration uses 'sorry'",
   "level": "warning"},
  {"message":
   "././src/./Mathlib/ModelTheory/Syntax.lean:478:8: declaration uses 'sorry'",
   "level": "warning"},
  {"message":
   "././src/./Mathlib/ModelTheory/Syntax.lean:482:8: declaration uses 'sorry'",
   "level": "warning"},
  {"message":
   "././src/./Mathlib/ModelTheory/Syntax.lean:485:8: declaration uses 'sorry'",
   "level": "warning"},
  {"message":
   "././src/./Mathlib/ModelTheory/Syntax.lean:489:8: declaration uses 'sorry'",
   "level": "warning"},
  {"message":
   "././src/./Mathlib/ModelTheory/Syntax.lean:493:8: declaration uses 'sorry'",
   "level": "warning"},
  {"message":
   "././src/./Mathlib/ModelTheory/Syntax.lean:497:8: declaration uses 'sorry'",
   "level": "warning"},
  {"message":
   "././src/./Mathlib/ModelTheory/Syntax.lean:501:8: declaration uses 'sorry'",
   "level": "warning"},
  {"message":
   "././src/./Mathlib/ModelTheory/Syntax.lean:551:8: declaration uses 'sorry'",
   "level": "warning"},
  {"message":
   "././src/./Mathlib/ModelTheory/Syntax.lean:555:8: declaration uses 'sorry'",
   "level": "warning"},
  {"message":
   "././src/./Mathlib/ModelTheory/Syntax.lean:594:8: declaration uses 'sorry'",
   "level": "warning"},
  {"message":
   "././src/./Mathlib/ModelTheory/Syntax.lean:603:8: declaration uses 'sorry'",
   "level": "warning"},
  {"message":
   "././src/./Mathlib/ModelTheory/Syntax.lean:607:8: declaration uses 'sorry'",
   "level": "warning"},
  {"message":
   "././src/./Mathlib/ModelTheory/Syntax.lean:683:8: declaration uses 'sorry'",
   "level": "warning"},
  {"message":
   "././src/./Mathlib/ModelTheory/Syntax.lean:686:8: declaration uses 'sorry'",
   "level": "warning"},
  {"message":
   "././src/./Mathlib/ModelTheory/Syntax.lean:749:8: declaration uses 'sorry'",
   "level": "warning"},
  {"message":
   "././src/./Mathlib/ModelTheory/Syntax.lean:753:8: declaration uses 'sorry'",
   "level": "warning"},
  {"message":
   "././src/./Mathlib/ModelTheory/Syntax.lean:757:8: declaration uses 'sorry'",
   "level": "warning"}],
 "depHash": "11217544636522314792"}